******************************************************************************
               TMS320C6x Linker PC v7.4.24                     
******************************************************************************
>> Linked Fri Jan 31 16:39:58 2025

OUTPUT FILE NAME:   <Project01.out>
ENTRY POINT SYMBOL: "_c_int00"  address: 0c01b040


MEMORY CONFIGURATION

         name            origin    length      used     unused   attr    fill
----------------------  --------  ---------  --------  --------  ----  --------
  IPC_ISR_REG           02620244   00000004  00000000  00000004  RWIX
  DDR3_INIT_CODE        0c000000   00018000  00000000  00018000  RW X
  USER_SRAM_1_4         0c018000   000e8000  000058a0  000e2760  RWIX
  KNL0_SRAM_1_4         10800000   000fff80  00000000  000fff80  RWIX
  KNL0_BOOT_AREA        108fff80   0000007c  00000000  0000007c  RWIX
  KNL0_MAGIC_ADDRESS    108ffffc   00000004  00000000  00000004  RWIX
  CTRL_PARAS            11800000   00000100  00000000  00000100  RWIX
  KNL1_SRAM_1_2         11800100   0003ff00  00000000  0003ff00  RWIX
  CSL_INTC              11840000   00010000  00000000  00010000  RWIX
  USER_MAGIC_ADDRESS    118fff80   00000004  00000000  00000004  R   
  KNL1_BOOT_AREA        118fff84   00000078  00000000  00000078  RWIX
  KNL1_MAGIC_ADDRESS    118ffffc   00000004  00000000  00000004  RWIX
  USER_SRAM_2_4         11e00000   00008000  000034c0  00004b40  RWIX
  USER_SRAM_3_4         11f00000   00008000  00003360  00004ca0  RWIX
  TI_BOOT_ROM           20b00000   00020000  00000000  00020000  RWIX
  KNL0_SRAM_2_4         80000000   000fe000  00000000  000fe000  RWIX
  USER_SRAM_4_4         80100000   01800000  00000000  01800000  RWIX
  KNL0_SRAM_3_4         82000000   0d000000  00000000  0d000000  RWIX
  KNL0_SRAM_4_4         8f000000   01000000  00000000  01000000  RWIX
  KNL1_SRAM_2_2         90000000   10000000  00000000  10000000  RWIX


SEGMENT ALLOCATION MAP

run origin  load origin   length   init length attrs members
----------  ----------- ---------- ----------- ----- -------
0c018000    0c018000    00003680   00003680    r-x
  0c018000    0c018000    00003680   00003680    r-x .text
0c01b680    0c01b680    000000c0   000000b4    rw-
  0c01b680    0c01b680    000000b4   000000b4    rw- .fardata
  0c01b734    0c01b734    0000000c   00000000    rw- .far
0c01b780    0c01b780    00000010   00000010    r--
  0c01b780    0c01b780    00000010   00000010    r-- .switch
0c01b800    0c01b800    00002150   00002150    r--
  0c01b800    0c01b800    00002150   00002150    r-- .cinit
11e00000    11e00000    000034c0   000034c0    r-x
  11e00000    11e00000    000034c0   000034c0    r-x .text_2
11f00000    11f00000    000032b8   000022b8    rw-
  11f00000    11f00000    000022b8   000022b8    rw- .data_2
  11f022b8    11f022b8    00001000   00000000    rw- .stack
11f032b8    11f032b8    000000a8   0000007c    rw-
  11f032b8    11f032b8    0000007c   0000007c    rw- .neardata
  11f03334    11f03334    0000002c   00000000    rw- .bss


SECTION ALLOCATION MAP

 output                                  attributes/
section   page    origin      length       input sections
--------  ----  ----------  ----------   ----------------
.text      0    0c018000    00003680     
                  0c018000    00000720     Project01.obj (.text)
                  0c018720    000006c0     mwio4.lib : mw_i2c_eeprom.obj (.text)
                  0c018de0    000006a0     Project01.obj (.text:retain)
                  0c019480    000005c0     rts6600_elf.lib : divd.obj (.text:__c6xabi_divd)
                  0c019a40    000003c0     mwio4.lib : mw_spi.obj (.text)
                  0c019e00    00000360               : mw_flash.obj (.text)
                  0c01a160    00000340               : mw_platform.obj (.text)
                  0c01a4a0    00000200               : IPFPGA_LIB.obj (.text)
                  0c01a6a0    00000180     rts6600_elf.lib : copy_decompress_rle.obj (.text:__TI_decompress_rle_core)
                  0c01a820    00000100                     : autoinit.obj (.text:_auto_init_elf)
                  0c01a920    00000100                     : cpy_tbl.obj (.text:copy_in)
                  0c01aa20    00000100     mwio4.lib : utility.obj (.text)
                  0c01ab20    000000e0     rts6600_elf.lib : divi.obj (.text:__divi)
                  0c01ac00    000000e0                     : memset.obj (.text:memset)
                  0c01ace0    000000c0                     : divu.obj (.text:__divu)
                  0c01ada0    000000c0                     : exit.obj (.text:exit)
                  0c01ae60    000000c0                     : tls.obj (.text:tls:init:__TI_tls_init)
                  0c01af20    000000a0                     : memcpy64.obj (.text:memcpy)
                  0c01afc0    00000080                     : fixdu.obj (.text:__c6xabi_fixdu)
                  0c01b040    00000080                     : boot.obj (.text:_c_int00)
                  0c01b0c0    00000080     mwio4.lib : PEV_LIB.obj (.text)
                  0c01b140    00000080               : mw_i2c.obj (.text)
                  0c01b1c0    00000060     rts6600_elf.lib : cpp_init.obj (.text:__TI_cpp_init)
                  0c01b220    00000060                     : frcmpyd_div.obj (.text:__c6xabi_frcmpyd_div)
                  0c01b280    00000060                     : llshift.obj (.text:__c6xabi_llshru)
                  0c01b2e0    00000040                     : args_main.obj (.text:_args_main)
                  0c01b320    00000020     ti.csl.ae66 : csl_gpioGetBaseAddress.oe66 (.text:CSL_GPIO_open)
                  0c01b340    00000020     Main.obj (.text)
                  0c01b360    00000020     rts6600_elf.lib : exit.obj (.text:abort)
                  0c01b380    00000020                     : copy_decompress_none.obj (.text:decompress:none:__TI_decompress_none)
                  0c01b3a0    00000020                     : copy_decompress_rle.obj (.text:decompress:rle24:__TI_decompress_rle24)
                  0c01b3c0    00000010     mwio4.lib : EMIF16.obj ($Tramp$S$$EMF_EnableIntr_s32)
                  0c01b3d0    00000010               : gpio_int.obj ($Tramp$S$$GPI_init_vo)
                  0c01b3e0    00000010               : mwintc.obj ($Tramp$S$$mwintc_setupApp)
                  0c01b3f0    00000010               : PEV_INV_LIB.obj ($Tramp$S$$PEV_ad_set_offset)
                  0c01b400    00000010               : EMIF16.obj ($Tramp$S$$EMF_Read_s32)
                  0c01b410    00000010               : EMIF16.obj ($Tramp$S$$EMF_ReadFpgaBoard_s32)
                  0c01b420    00000010               : EMIF16.obj ($Tramp$S$$EMF_Write2_s32)
                  0c01b430    00000010               : PEV_INV_LIB.obj ($Tramp$S$$PEV_abz_read)
                  0c01b440    00000010               : timer_lib.obj ($Tramp$S$$C6657_timer0_clear_eventflag)
                  0c01b450    00000010               : gpio_int.obj ($Tramp$S$$GPI_int_ack_vo)
                  0c01b460    00000010               : timer_lib.obj ($Tramp$S$$C6657_timer1_clear_eventflag)
                  0c01b470    00000010               : timer_lib.obj ($Tramp$S$$C6657_timer2_clear_eventflag)
                  0c01b480    00000010               : PEV_PIO_LIB.obj ($Tramp$S$$PEV_pio_clr_bit)
                  0c01b490    00000010               : PEV_INV_LIB.obj ($Tramp$S$$PEV_abz_clear)
                  0c01b4a0    00000010               : PEV_INV_LIB.obj ($Tramp$S$$PEV_inverter_start_pwm)
                  0c01b4b0    00000010               : PEV_PIO_LIB.obj ($Tramp$S$$PEV_pio_set_bit)
                  0c01b4c0    00000010               : PEV_PIO_LIB.obj ($Tramp$S$$PEV_pio_out)
                  0c01b4d0    00000010               : PEV_INV_LIB.obj ($Tramp$S$$PEV_abz_set_mode)
                  0c01b4e0    00000010               : PEV_INV_LIB.obj ($Tramp$S$$PEV_abz_init_maxcount)
                  0c01b4f0    00000010               : mwintc.obj ($Tramp$S$$IRQ_globalEnable)
                  0c01b500    00000010               : timer_lib.obj ($Tramp$S$$C6657_timer2_enable_int)
                  0c01b510    00000010               : timer_lib.obj ($Tramp$S$$C6657_timer2_start)
                  0c01b520    00000010               : timer_lib.obj ($Tramp$S$$C6657_timer2_init_vector)
                  0c01b530    00000010               : timer_lib.obj ($Tramp$S$$C6657_timer2_init)
                  0c01b540    00000010               : timer_lib.obj ($Tramp$S$$C6657_timer1_enable_int)
                  0c01b550    00000010               : timer_lib.obj ($Tramp$S$$C6657_timer1_start)
                  0c01b560    00000010               : timer_lib.obj ($Tramp$S$$C6657_timer1_init_vector)
                  0c01b570    00000010               : timer_lib.obj ($Tramp$S$$C6657_timer1_init)
                  0c01b580    00000010               : timer_lib.obj ($Tramp$S$$C6657_timer0_enable_int)
                  0c01b590    00000010               : timer_lib.obj ($Tramp$S$$C6657_timer0_start)
                  0c01b5a0    00000010               : timer_lib.obj ($Tramp$S$$C6657_timer0_init_vector)
                  0c01b5b0    00000010               : timer_lib.obj ($Tramp$S$$C6657_timer0_init)
                  0c01b5c0    00000010               : gpio_int.obj ($Tramp$S$$GPI_enable_int_vo)
                  0c01b5d0    00000010               : PEV_INV_LIB.obj ($Tramp$S$$PEV_inverter_enable_int)
                  0c01b5e0    00000010               : PEV_INV_LIB.obj ($Tramp$S$$PEV_inverter_control_gate)
                  0c01b5f0    00000010               : gpio_int.obj ($Tramp$S$$GPI_setVector_vo)
                  0c01b600    00000010               : PEV_INV_LIB.obj ($Tramp$S$$PEV_int_init)
                  0c01b610    00000010               : PEV_INV_LIB.obj ($Tramp$S$$PEV_inverter_init_int_timing)
                  0c01b620    00000010               : PEV_INV_LIB.obj ($Tramp$S$$PEV_inverter_init)
                  0c01b630    00000010               : PEV_INV_LIB.obj ($Tramp$S$$PEV_inverter_disable_int)
                  0c01b640    00000010               : mwintc.obj ($Tramp$S$$IRQ_globalDisable)
                  0c01b650    00000010               : PEV_INV_LIB.obj ($Tramp$S$$PEV_inverter_set_uvw)
                  0c01b660    00000010               : PEV_INV_LIB.obj ($Tramp$S$$PEV_inverter_stop_pwm)
                  0c01b670    00000010     --HOLE-- [fill = 00000000]

.fardata   0    0c01b680    000000b4     
                  0c01b680    000000a8     mwio4.lib : mw_platform.obj (.fardata)
                  0c01b728    0000000c     rts6600_elf.lib : exit.obj (.fardata)

.far       0    0c01b734    0000000c     UNINITIALIZED
                  0c01b734    0000000c     mwio4.lib : EMIF16.obj (.far)

.switch    0    0c01b780    00000010     
                  0c01b780    00000010     mwio4.lib : mw_flash.obj (.switch:mw_nor_erase)

.cinit     0    0c01b800    00002150     
                  0c01b800    00002069     (.cinit..data_2.load) [load image, compression = rle]
                  0c01d869    00000003     --HOLE-- [fill = 0]
                  0c01d86c    0000006a     (.cinit..fardata.load) [load image, compression = rle]
                  0c01d8d6    00000002     --HOLE-- [fill = 0]
                  0c01d8d8    00000053     (.cinit..neardata.load) [load image, compression = rle]
                  0c01d92b    00000001     --HOLE-- [fill = 0]
                  0c01d92c    00000008     (__TI_handler_table)
                  0c01d934    00000004     --HOLE-- [fill = 0]
                  0c01d938    00000018     (__TI_cinit_table)

.text_2    0    11e00000    000034c0     
                  11e00000    00001960     mwio4.lib : PEV_INV_LIB.obj (.text)
                  11e01960    00000640               : timer_lib.obj (.text)
                  11e01fa0    00000620               : EMIF16.obj (.text)
                  11e025c0    00000440               : mwintc.obj (.text)
                  11e02a00    00000320               : csl2_intcHwControl.obj (.text:csl_section:intc)
                  11e02d20    000001e0               : EMIF16.obj (.text:retain)
                  11e02f00    000001a0               : gpio_int.obj (.text)
                  11e030a0    00000180               : csl2_intcOpen.obj (.text:csl_section:intc)
                  11e03220    00000140               : _csl2_intcIntrEnDisRes_eabi.obj (.text)
                  11e03360    000000e0               : PEV_PIO_LIB.obj (.text)
                  11e03440    00000020               : _csl2_intcDispatcher.obj (.text:csl_section:intc)
                  11e03460    00000020               : _csl2_intcDispatcher.obj (.text:csl_section:intc:retain)
                  11e03480    00000010     ti.csl.ae66 : csl_gpioGetBaseAddress.oe66 ($Tramp$S$$CSL_GPIO_open)
                  11e03490    00000010     rts6600_elf.lib : fixdu.obj ($Tramp$S$$__c6xabi_fixdu)
                  11e034a0    00000010                     : divd.obj ($Tramp$S$$__c6xabi_divd)
                  11e034b0    00000010                     : divi.obj ($Tramp$S$$__c6xabi_divi)

.data_2    0    11f00000    000022b8     
                  11f00000    00000170     mwio4.lib : PEV_INV_LIB.obj (.far) [fill = 0]
                  11f00170    000000c0               : gpio_int.obj (.far) [fill = 0]
                  11f00230    00000024               : timer_lib.obj (.far) [fill = 0]
                  11f00254    00000018               : csl2_intcHwControl.obj (.switch:CSL2_intcHwControl)
                  11f0026c    00000004     --HOLE--
                  11f00270    00000040               : gpio_int.obj (.fardata:gpio_int_map)
                  11f002b0    00002008               : _mwsintbl.obj (.const:_mwSinTbl)

.stack     0    11f022b8    00001000     UNINITIALIZED
                  11f022b8    00000008     rts6600_elf.lib : boot.obj (.stack)
                  11f022c0    00000ff8     --HOLE--

.neardata 
*          0    11f032b8    0000007c     
                  11f032b8    00000068     Project01.obj (.neardata)
                  11f03320    0000000c     mwio4.lib : timer_lib.obj (.neardata)
                  11f0332c    00000004               : csl2_intcOpen.obj (.neardata)
                  11f03330    00000004               : mw_platform.obj (.neardata)

.bss       0    11f03334    0000002c     UNINITIALIZED
                  11f03334    0000001c     Project01.obj (.bss)
                  11f03350    00000008     mwio4.lib : EMIF16.obj (.bss)
                  11f03358    00000004               : gpio_int.obj (.bss)
                  11f0335c    00000004               : mw_spi.obj (.bss)


LINKER GENERATED COPY TABLES

__TI_cinit_table @ 0c01d938 records: 3, size/record: 8, table size: 24
	.data_2: load addr=0c01b800, load size=00002069 bytes, run addr=11f00000, run size=000022b8 bytes, compression=rle
	.fardata: load addr=0c01d86c, load size=0000006a bytes, run addr=0c01b680, run size=000000b4 bytes, compression=rle
	.neardata: load addr=0c01d8d8, load size=00000053 bytes, run addr=11f032b8, run size=0000007c bytes, compression=rle


LINKER GENERATED HANDLER TABLE

__TI_handler_table @ 0c01d92c records: 2, size/record: 4, table size: 8
	index: 0, handler: __TI_decompress_rle24
	index: 1, handler: __TI_decompress_none


FAR CALL TRAMPOLINES

callee name               trampoline name
   callee addr  tramp addr   call addr  call info
--------------  -----------  ---------  ----------------
$.text:mwio4.lib<EMIF16.obj>$0x58c  $Tramp$S$$EMF_EnableIntr_s32
   11e0252c     0c01b3c0     0c01b34c   Main.obj (.text)
$.text:mwio4.lib<gpio_int.obj>$0x124  $Tramp$S$$GPI_init_vo
   11e03024     0c01b3d0     0c01b348   Main.obj (.text)
$.text:mwio4.lib<mwintc.obj>$0x34  $Tramp$S$$mwintc_setupApp
   11e025f4     0c01b3e0     0c01b344   Main.obj (.text)
$.text:mwio4.lib<PEV_INV_LIB.obj>$0xf98  $Tramp$S$$PEV_ad_set_offset
   11e00f98     0c01b3f0     0c01b0e0   mwio4.lib : PEV_LIB.obj (.text)
$.text:mwio4.lib<EMIF16.obj>$0x218  $Tramp$S$$EMF_Read_s32
   11e021b8     0c01b400     0c01a670   mwio4.lib : IPFPGA_LIB.obj (.text)
                             0c01b108             : PEV_LIB.obj (.text)
$.text:mwio4.lib<EMIF16.obj>$0x28c  $Tramp$S$$EMF_ReadFpgaBoard_s32
   11e0222c     0c01b410     0c01a5d4   mwio4.lib : IPFPGA_LIB.obj (.text)
                             0c01a644             : IPFPGA_LIB.obj (.text)
$.text:mwio4.lib<EMIF16.obj>$0x180  $Tramp$S$$EMF_Write2_s32
   11e02120     0c01b420     0c01a504   mwio4.lib : IPFPGA_LIB.obj (.text)
                             0c01a570             : IPFPGA_LIB.obj (.text)
$.text:mwio4.lib<PEV_INV_LIB.obj>$0x17a4  $Tramp$S$$PEV_abz_read
   11e017a4     0c01b430     0c0193b8   Project01.obj (.text:retain)
$.text:mwio4.lib<timer_lib.obj>$0x618  $Tramp$S$$C6657_timer0_clear_eventflag
   11e01f78     0c01b440     0c0193b0   Project01.obj (.text:retain)
$.text:mwio4.lib<gpio_int.obj>$0xd4  $Tramp$S$$GPI_int_ack_vo
   11e02fd4     0c01b450     0c01928c   Project01.obj (.text:retain)
$.text:mwio4.lib<timer_lib.obj>$0x480  $Tramp$S$$C6657_timer1_clear_eventflag
   11e01de0     0c01b460     0c01916c   Project01.obj (.text:retain)
$.text:mwio4.lib<timer_lib.obj>$0x2e0  $Tramp$S$$C6657_timer2_clear_eventflag
   11e01c40     0c01b470     0c018e68   Project01.obj (.text:retain)
$.text:mwio4.lib<PEV_PIO_LIB.obj>$0x98  $Tramp$S$$PEV_pio_clr_bit
   11e033f8     0c01b480     0c018500   Project01.obj (.text)
                             0c018528   Project01.obj (.text)
                             0c018544   Project01.obj (.text)
                             0c0185c0   Project01.obj (.text)
                             0c018634   Project01.obj (.text)
                             0c018668   Project01.obj (.text)
$.text:mwio4.lib<PEV_INV_LIB.obj>$0x1914  $Tramp$S$$PEV_abz_clear
   11e01914     0c01b490     0c0184ec   Project01.obj (.text)
$.text:mwio4.lib<PEV_INV_LIB.obj>$0x394  $Tramp$S$$PEV_inverter_start_pwm
   11e00394     0c01b4a0     0c018434   Project01.obj (.text)
                             0c018ee4   Project01.obj (.text:retain)
                             0c018eec   Project01.obj (.text:retain)
                             0c019048   Project01.obj (.text:retain)
$.text:mwio4.lib<PEV_PIO_LIB.obj>$0x0  $Tramp$S$$PEV_pio_set_bit
   11e03360     0c01b4b0     0c01842c   Project01.obj (.text)
                             0c01855c   Project01.obj (.text)
                             0c018578   Project01.obj (.text)
                             0c018600   Project01.obj (.text)
                             0c0186a0   Project01.obj (.text)
$.text:mwio4.lib<PEV_PIO_LIB.obj>$0x38  $Tramp$S$$PEV_pio_out
   11e03398     0c01b4c0     0c018424   Project01.obj (.text)
                             0c018574   Project01.obj (.text)
$.text:mwio4.lib<PEV_INV_LIB.obj>$0x1734  $Tramp$S$$PEV_abz_set_mode
   11e01734     0c01b4d0     0c018418   Project01.obj (.text)
$.text:mwio4.lib<PEV_INV_LIB.obj>$0x17e8  $Tramp$S$$PEV_abz_init_maxcount
   11e017e8     0c01b4e0     0c018410   Project01.obj (.text)
$.text:mwio4.lib<mwintc.obj>$0x3f0  $Tramp$S$$IRQ_globalEnable
   11e029b0     0c01b4f0     0c018404   Project01.obj (.text)
$.text:mwio4.lib<timer_lib.obj>$0x244  $Tramp$S$$C6657_timer2_enable_int
   11e01ba4     0c01b500     0c018400   Project01.obj (.text)
$.text:mwio4.lib<timer_lib.obj>$0x154  $Tramp$S$$C6657_timer2_start
   11e01ab4     0c01b510     0c0183fc   Project01.obj (.text)
$.text:mwio4.lib<timer_lib.obj>$0x188  $Tramp$S$$C6657_timer2_init_vector
   11e01ae8     0c01b520     0c0183f0   Project01.obj (.text)
$.text:mwio4.lib<timer_lib.obj>$0x1d0  $Tramp$S$$C6657_timer2_init
   11e01b30     0c01b530     0c0183e4   Project01.obj (.text)
$.text:mwio4.lib<timer_lib.obj>$0x3e4  $Tramp$S$$C6657_timer1_enable_int
   11e01d44     0c01b540     0c0183e0   Project01.obj (.text)
$.text:mwio4.lib<timer_lib.obj>$0x320  $Tramp$S$$C6657_timer1_start
   11e01c80     0c01b550     0c0183dc   Project01.obj (.text)
$.text:mwio4.lib<timer_lib.obj>$0x34c  $Tramp$S$$C6657_timer1_init_vector
   11e01cac     0c01b560     0c0183d0   Project01.obj (.text)
$.text:mwio4.lib<timer_lib.obj>$0x370  $Tramp$S$$C6657_timer1_init
   11e01cd0     0c01b570     0c0183c4   Project01.obj (.text)
$.text:mwio4.lib<timer_lib.obj>$0x584  $Tramp$S$$C6657_timer0_enable_int
   11e01ee4     0c01b580     0c0183c0   Project01.obj (.text)
$.text:mwio4.lib<timer_lib.obj>$0x4c0  $Tramp$S$$C6657_timer0_start
   11e01e20     0c01b590     0c0183b8   Project01.obj (.text)
$.text:mwio4.lib<timer_lib.obj>$0x4ec  $Tramp$S$$C6657_timer0_init_vector
   11e01e4c     0c01b5a0     0c0183b4   Project01.obj (.text)
$.text:mwio4.lib<timer_lib.obj>$0x510  $Tramp$S$$C6657_timer0_init
   11e01e70     0c01b5b0     0c0183a4   Project01.obj (.text)
$.text:mwio4.lib<gpio_int.obj>$0x14c  $Tramp$S$$GPI_enable_int_vo
   11e0304c     0c01b5c0     0c018374   Project01.obj (.text)
$.text:mwio4.lib<PEV_INV_LIB.obj>$0xcf4  $Tramp$S$$PEV_inverter_enable_int
   11e00cf4     0c01b5d0     0c01836c   Project01.obj (.text)
$.text:mwio4.lib<PEV_INV_LIB.obj>$0xd70  $Tramp$S$$PEV_inverter_control_gate
   11e00d70     0c01b5e0     0c018354   Project01.obj (.text)
                             0c018398   Project01.obj (.text)
                             0c018ee0   Project01.obj (.text:retain)
$.text:mwio4.lib<gpio_int.obj>$0x0  $Tramp$S$$GPI_setVector_vo
   11e02f00     0c01b5f0     0c018344   Project01.obj (.text)
$.text:mwio4.lib<PEV_INV_LIB.obj>$0xde0  $Tramp$S$$PEV_int_init
   11e00de0     0c01b600     0c018324   Project01.obj (.text)
$.text:mwio4.lib<PEV_INV_LIB.obj>$0x9b8  $Tramp$S$$PEV_inverter_init_int_timing
   11e009b8     0c01b610     0c018310   Project01.obj (.text)
$.text:mwio4.lib<PEV_INV_LIB.obj>$0xb84  $Tramp$S$$PEV_inverter_init
   11e00b84     0c01b620     0c018300   Project01.obj (.text)
                             0c01838c   Project01.obj (.text)
$.text:mwio4.lib<PEV_INV_LIB.obj>$0xd38  $Tramp$S$$PEV_inverter_disable_int
   11e00d38     0c01b630     0c0182f0   Project01.obj (.text)
$.text:mwio4.lib<mwintc.obj>$0x410  $Tramp$S$$IRQ_globalDisable
   11e029d0     0c01b640     0c0182e4   Project01.obj (.text)
$.text:mwio4.lib<PEV_INV_LIB.obj>$0x5e8  $Tramp$S$$PEV_inverter_set_uvw
   11e005e8     0c01b650     0c01824c   Project01.obj (.text)
                             0c018278   Project01.obj (.text)
                             0c0182b0   Project01.obj (.text)
                             0c018358   Project01.obj (.text)
                             0c018ec8   Project01.obj (.text:retain)
                             0c019034   Project01.obj (.text:retain)
$.text:mwio4.lib<PEV_INV_LIB.obj>$0x360  $Tramp$S$$PEV_inverter_stop_pwm
   11e00360     0c01b660     0c018054   Project01.obj (.text)
                             0c0180a0   Project01.obj (.text)
                             0c0181d0   Project01.obj (.text)
                             0c0181e8   Project01.obj (.text)
                             0c018f8c   Project01.obj (.text:retain)
$.text:CSL_GPIO_open:ti.csl.ae66<csl_gpioGetBaseAddress.oe66>$0x0  $Tramp$S$$CSL_GPIO_open
   0c01b320     11e03480     11e03028   mwio4.lib : gpio_int.obj (.text)
$.text:__c6xabi_fixdu:rts6600_elf.lib<fixdu.obj>$0x0  $Tramp$S$$__c6xabi_fixdu
   0c01afc0     11e03490     11e01a1c   mwio4.lib : timer_lib.obj (.text)
                             11e01b90             : timer_lib.obj (.text)
                             11e01d30             : timer_lib.obj (.text)
                             11e01ed0             : timer_lib.obj (.text)
$.text:__c6xabi_divd:rts6600_elf.lib<divd.obj>$0x0  $Tramp$S$$__c6xabi_divd
   0c019480     11e034a0     11e01a14   mwio4.lib : timer_lib.obj (.text)
                             11e01b88             : timer_lib.obj (.text)
                             11e01d28             : timer_lib.obj (.text)
                             11e01ec8             : timer_lib.obj (.text)
$.text:__divi:rts6600_elf.lib<divi.obj>$0x0  $Tramp$S$$__c6xabi_divi
   0c01ab20     11e034b0     11e001f8   mwio4.lib : PEV_INV_LIB.obj (.text)
                             11e00448             : PEV_INV_LIB.obj (.text)
                             11e00470             : PEV_INV_LIB.obj (.text)
                             11e00658             : PEV_INV_LIB.obj (.text)
                             11e00684             : PEV_INV_LIB.obj (.text)
                             11e00a48             : PEV_INV_LIB.obj (.text)
                             11e00b24             : PEV_INV_LIB.obj (.text)
                             11e00bec             : PEV_INV_LIB.obj (.text)

[47 trampolines]
[88 trampoline calls]


GLOBAL SYMBOLS: SORTED ALPHABETICALLY BY Name 

address    name
--------   ----
0c01b360   C$$EXIT
11e01f8c   C6657_timer0_clear
11e01f78   C6657_timer0_clear_eventflag
11e01f38   C6657_timer0_disable_int
11e01ee4   C6657_timer0_enable_int
11e01e70   C6657_timer0_init
11e01e4c   C6657_timer0_init_vector
11e01e40   C6657_timer0_read
11e01e20   C6657_timer0_start
11e01e08   C6657_timer0_stop
11e01df8   C6657_timer0_write
11e01dec   C6657_timer1_clear
11e01de0   C6657_timer1_clear_eventflag
11e01d98   C6657_timer1_disable_int
11e01d44   C6657_timer1_enable_int
11e01cd0   C6657_timer1_init
11e01cac   C6657_timer1_init_vector
11e01ca0   C6657_timer1_read
11e01c80   C6657_timer1_start
11e01c68   C6657_timer1_stop
11e01c58   C6657_timer1_write
11e01c4c   C6657_timer2_clear
11e01c40   C6657_timer2_clear_eventflag
11e01bf8   C6657_timer2_disable_int
11e01ba4   C6657_timer2_enable_int
11e01b30   C6657_timer2_init
11e01ae8   C6657_timer2_init_vector
11e01ad8   C6657_timer2_read
11e01ab4   C6657_timer2_start
11e01aa0   C6657_timer2_stop
11e01a94   C6657_timer2_write
11e01a84   C6657_timer3_hi_clear_eventflag
11e01a2c   C6657_timer3_hi_enable_int
11e019b8   C6657_timer3_hi_init
11e01994   C6657_timer3_hi_init_vector
11e01974   C6657_timer3_hi_start
11e01960   C6657_timer3_hi_stop
11e02a00   CSL2_intcHwControl
11e030b4   CSL2_intcOpen2
11e030a0   CSL2_loadResource
0c01b320   CSL_GPIO_open
11e032a8   CSL_intcGlobalEnable
11e03300   CSL_intcGlobalNmiEnable
11e03240   CSL_intcInterruptDisable
11e03220   CSL_intcInterruptEnable
11e0252c   EMF_EnableIntr_s32
11e02d20   EMF_ErrIntr_vo
11f03354   EMF_ExtWaitErrCnt_u32s
11f03350   EMF_ExtWaitErrInfo_u32s
11e024cc   EMF_Initialization_s32
11e02414   EMF_Read2_s32
11e023a8   EMF_Read3_s32
11e022e0   EMF_ReadFlashRom_s32
11e0222c   EMF_ReadFpgaBoard_s32
11e021b8   EMF_Read_s32
11e02120   EMF_Write2_s32
11e02018   EMF_WriteFlashRom_s32
11e01fa0   EMF_Write_s32
0c01b734   EMIF_IntrErr_sts
11e0306c   GPI_disable_int_vo
11e0304c   GPI_enable_int_vo
11e03024   GPI_init_vo
11e02fd4   GPI_int_ack_vo
11e02f00   GPI_setVector_vo
0c01a66c   IPFPGA_get_fpga_ver
0c01a620   IPFPGA_read
0c01a5a8   IPFPGA_read_f32
0c01a52c   IPFPGA_write
0c01a4a0   IPFPGA_write_f32
11e029d0   IRQ_globalDisable
11e029b0   IRQ_globalEnable
11e029a8   IRQ_globalRestore
0c01844c   MW_main
11e01914   PEV_abz_clear
11e018e0   PEV_abz_clear_resolver_err
11e018a4   PEV_abz_get_resolver_err
11e01864   PEV_abz_get_resolver_pos
11e01834   PEV_abz_in_pin
11e017e8   PEV_abz_init_maxcount
11e017a4   PEV_abz_read
11e01734   PEV_abz_set_mode
11e016e8   PEV_abz_write
11e01494   PEV_ad_abz_read
11e01460   PEV_ad_disable_int
11e01418   PEV_ad_enable_int
11e012b0   PEV_ad_in_4ch
11e0106c   PEV_ad_in_grp
11e01040   PEV_ad_in_st
11e00fe0   PEV_ad_set_mode
11e00f98   PEV_ad_set_offset
11e00f48   PEV_ad_set_range
11e00f10   PEV_ad_start
0c01b104   PEV_get_fpga_ver
0c01b0c0   PEV_init
11e00de0   PEV_int_init
11e00da8   PEV_inverter_control_break
11e00d70   PEV_inverter_control_gate
11e00d38   PEV_inverter_disable_int
11e00cf4   PEV_inverter_enable_int
11e00b84   PEV_inverter_init
11e00aa8   PEV_inverter_init_adtrig_timing
11e009b8   PEV_inverter_init_int_timing
11e00958   PEV_inverter_init_refload_timing
11e008d4   PEV_inverter_set_ab
11e007d4   PEV_inverter_set_ra
11e005e8   PEV_inverter_set_uvw
11e003cc   PEV_inverter_set_uvw_br
11e00394   PEV_inverter_start_pwm
11e00360   PEV_inverter_stop_pwm
11e033f8   PEV_pio_clr_bit
11e033cc   PEV_pio_in
11e03398   PEV_pio_out
11e03360   PEV_pio_set_bit
11e0030c   PEV_sync_ad_init
11e002b4   PEV_sync_ad_out
11e00260   PEV_sync_pwm_init
11e00150   PEV_sync_pwm_out
11e00100   PEV_sync_z_out
11e000c8   PEV_updown_clear_cnt
11e00078   PEV_updown_init_maxcount
11e00034   PEV_updown_read_cnt
11e00000   PEV_updown_set_mode
11e03460   _CSL2_intcDispatcherDummy
11e032c8   _CSL_intcGlobalDisable
11e0333c   _CSL_intcGlobalExcepClear
11e03314   _CSL_intcGlobalExcepEnable
11e03328   _CSL_intcGlobalExtExcepEnable
11e032e8   _CSL_intcGlobalRestore
11e03260   _CSL_intcInterruptClear
11e03278   _CSL_intcInterruptRestore
11e0326c   _CSL_intcInterruptSet
11e03290   _CSL_intcQueryInterruptStatus
0c01d938   __TI_CINIT_Base
0c01d950   __TI_CINIT_Limit
0c01d92c   __TI_Handler_Table_Base
0c01d934   __TI_Handler_Table_Limit
UNDEFED    __TI_INITARRAY_Base
UNDEFED    __TI_INITARRAY_Limit
11f032b8   __TI_STACK_END
00001000   __TI_STACK_SIZE
11f032b8   __TI_STATIC_BASE
UNDEFED    __TI_TLS_INIT_Base
UNDEFED    __TI_TLS_INIT_Limit
00000001   __TI_args_main
0c01b1c0   __TI_cpp_init
0c01b380   __TI_decompress_none
0c01b3a0   __TI_decompress_rle24
0c01b730   __TI_enable_exit_profile_output
ffffffff   __TI_pprof_out_hndl
ffffffff   __TI_prof_data_size
ffffffff   __TI_prof_data_start
0c01ae60   __TI_tls_init
ffffffff   __binit__
0c019480   __c6xabi_divd
0c01ab20   __c6xabi_divi
0c01ace0   __c6xabi_divu
0c01afc0   __c6xabi_fixdu
0c01b220   __c6xabi_frcmpyd_div
0c01b280   __c6xabi_llshru
ffffffff   __c_args__
0c01ab20   __divi
0c01ace0   __divu
0c01b2e0   _args_main
0c01a820   _auto_init_elf
0c01b040   _c_int00
0c01b728   _cleanup_ptr
0c01b72c   _dtors_ptr
11f002b0   _mwSinTbl
11f022b8   _stack
0c01b360   abort
11f03348   adc_0_data_peak
11f0334c   adc_1_data_peak
11f032d8   bench_mode
ffffffff   binit
11e02688   cic0Out2Evnt
0c01a920   copy_in
0c019330   count_run_time
0c0180c8   count_trans_time
0c01aac0   cvt_float_uint16_array
0c01aa90   cvt_to_float_from_u32
0c01aa68   cvt_to_u32_from_float
11f03300   duty_pulse
11f0330c   duty_ramp
11f03308   duty_step
11f03304   duty_trans
11f03318   enable_soft_start
11f032e0   encoder_count
0c01b140   evmI2CInit
0c01ada0   exit
0c01aa50   get_float_from_uint16
0c01aa20   get_uint32_from_uint8_byte
11f00270   gpio_int_map
11f03358   hGpio
11f032e4   i1_ampl
11f032ec   i1_ampl_max
11f03310   i1_ampl_thld_detect
11f03314   i1_ampl_thld_transmit
11f032f4   i1_weight
11f032e8   i2_ampl
11f032f0   i2_ampl_max
11f032f8   i2_weight
0c018c74   i2cEepromGetStatus2
0c018af8   i2cEepromRead2
0c018768   i2cEepromWriteBlock2
0c0189e0   i2cEepromWriteByteAddr2
0c0182d8   initialize
11e02968   int_begin_nestint
11e02918   int_end_nestint
11f00170   intcObj
11f032fc   inverter_mode
11f032d4   inverter_start_count
0c01b340   main
0c01af20   memcpy
0c01ac00   memset
0c01a464   mw_Osal_platformSpiCsEnter
0c01a450   mw_Osal_platformSpiCsExit
11f0332c   mw_gp__CSL_intcCpuIntrTable
0c01a058   mw_nor_erase
0c019fec   mw_nor_get_details
0c019f78   mw_nor_init
0c019ec4   mw_nor_read
0c019e00   mw_nor_write
0c01a430   mw_platform_delaycycles
0c01a3c4   mw_platform_device_close
0c01a384   mw_platform_device_erase_block
0c01a2ac   mw_platform_device_open
0c01a210   mw_platform_device_read
0c01a174   mw_platform_device_write
11f03330   mw_platform_errno
11e03440   mw_setVect
0c019c78   mw_spi_claim
0c019c0c   mw_spi_cmd
0c019c00   mw_spi_cmd_read
0c019bf0   mw_spi_cmd_write
0c019b84   mw_spi_release
0c019a40   mw_spi_xfer
11e02904   mwintc_clearSysInterrupt
11e028ec   mwintc_disableHostInterrupt
11e028d4   mwintc_disableSysInterrupt
11e028c0   mwintc_enableHostInterrupt
11e028a8   mwintc_enableSysInterrupt
11e02878   mwintc_getInterruptStatus
11e02860   mwintc_mapSystemIntrToChannel
11e02714   mwintc_setup
11e02794   mwintc_setup2
11e025f4   mwintc_setupApp
11f0331c   overcurrent_protection
11f032cc   pause_time_thld_us
11f032c4   pause_time_us
0c01a160   platform_write
0c0180f8   read_envelope
11f032b8   run_time_us
11f032dc   servo_on
0c018208   soft_start
0c01920c   sync_interrupt
11f03340   time_bwd_decel_start_us
11f03344   time_bwd_end_us
11f0333c   time_bwd_start_us
11f03334   time_fwd_decel_start_us
11f03338   time_fwd_end_us
11f032bc   time_fwd_start_us
11f032c0   time_wait_us
0c0190e8   timer_1_int_function
11f03320   tmr1regs
11f03324   tmr2regs
11f03328   tmr3regs
11f032d0   transmit_time_thld_us
11f032c8   transmit_time_us
0c018000   turn_off_inverter
0c018de0   turn_on_inverter


GLOBAL SYMBOLS: SORTED BY Symbol Address 

address    name
--------   ----
00000001   __TI_args_main
00001000   __TI_STACK_SIZE
0c018000   turn_off_inverter
0c0180c8   count_trans_time
0c0180f8   read_envelope
0c018208   soft_start
0c0182d8   initialize
0c01844c   MW_main
0c018768   i2cEepromWriteBlock2
0c0189e0   i2cEepromWriteByteAddr2
0c018af8   i2cEepromRead2
0c018c74   i2cEepromGetStatus2
0c018de0   turn_on_inverter
0c0190e8   timer_1_int_function
0c01920c   sync_interrupt
0c019330   count_run_time
0c019480   __c6xabi_divd
0c019a40   mw_spi_xfer
0c019b84   mw_spi_release
0c019bf0   mw_spi_cmd_write
0c019c00   mw_spi_cmd_read
0c019c0c   mw_spi_cmd
0c019c78   mw_spi_claim
0c019e00   mw_nor_write
0c019ec4   mw_nor_read
0c019f78   mw_nor_init
0c019fec   mw_nor_get_details
0c01a058   mw_nor_erase
0c01a160   platform_write
0c01a174   mw_platform_device_write
0c01a210   mw_platform_device_read
0c01a2ac   mw_platform_device_open
0c01a384   mw_platform_device_erase_block
0c01a3c4   mw_platform_device_close
0c01a430   mw_platform_delaycycles
0c01a450   mw_Osal_platformSpiCsExit
0c01a464   mw_Osal_platformSpiCsEnter
0c01a4a0   IPFPGA_write_f32
0c01a52c   IPFPGA_write
0c01a5a8   IPFPGA_read_f32
0c01a620   IPFPGA_read
0c01a66c   IPFPGA_get_fpga_ver
0c01a820   _auto_init_elf
0c01a920   copy_in
0c01aa20   get_uint32_from_uint8_byte
0c01aa50   get_float_from_uint16
0c01aa68   cvt_to_u32_from_float
0c01aa90   cvt_to_float_from_u32
0c01aac0   cvt_float_uint16_array
0c01ab20   __c6xabi_divi
0c01ab20   __divi
0c01ac00   memset
0c01ace0   __c6xabi_divu
0c01ace0   __divu
0c01ada0   exit
0c01ae60   __TI_tls_init
0c01af20   memcpy
0c01afc0   __c6xabi_fixdu
0c01b040   _c_int00
0c01b0c0   PEV_init
0c01b104   PEV_get_fpga_ver
0c01b140   evmI2CInit
0c01b1c0   __TI_cpp_init
0c01b220   __c6xabi_frcmpyd_div
0c01b280   __c6xabi_llshru
0c01b2e0   _args_main
0c01b320   CSL_GPIO_open
0c01b340   main
0c01b360   C$$EXIT
0c01b360   abort
0c01b380   __TI_decompress_none
0c01b3a0   __TI_decompress_rle24
0c01b728   _cleanup_ptr
0c01b72c   _dtors_ptr
0c01b730   __TI_enable_exit_profile_output
0c01b734   EMIF_IntrErr_sts
0c01d92c   __TI_Handler_Table_Base
0c01d934   __TI_Handler_Table_Limit
0c01d938   __TI_CINIT_Base
0c01d950   __TI_CINIT_Limit
11e00000   PEV_updown_set_mode
11e00034   PEV_updown_read_cnt
11e00078   PEV_updown_init_maxcount
11e000c8   PEV_updown_clear_cnt
11e00100   PEV_sync_z_out
11e00150   PEV_sync_pwm_out
11e00260   PEV_sync_pwm_init
11e002b4   PEV_sync_ad_out
11e0030c   PEV_sync_ad_init
11e00360   PEV_inverter_stop_pwm
11e00394   PEV_inverter_start_pwm
11e003cc   PEV_inverter_set_uvw_br
11e005e8   PEV_inverter_set_uvw
11e007d4   PEV_inverter_set_ra
11e008d4   PEV_inverter_set_ab
11e00958   PEV_inverter_init_refload_timing
11e009b8   PEV_inverter_init_int_timing
11e00aa8   PEV_inverter_init_adtrig_timing
11e00b84   PEV_inverter_init
11e00cf4   PEV_inverter_enable_int
11e00d38   PEV_inverter_disable_int
11e00d70   PEV_inverter_control_gate
11e00da8   PEV_inverter_control_break
11e00de0   PEV_int_init
11e00f10   PEV_ad_start
11e00f48   PEV_ad_set_range
11e00f98   PEV_ad_set_offset
11e00fe0   PEV_ad_set_mode
11e01040   PEV_ad_in_st
11e0106c   PEV_ad_in_grp
11e012b0   PEV_ad_in_4ch
11e01418   PEV_ad_enable_int
11e01460   PEV_ad_disable_int
11e01494   PEV_ad_abz_read
11e016e8   PEV_abz_write
11e01734   PEV_abz_set_mode
11e017a4   PEV_abz_read
11e017e8   PEV_abz_init_maxcount
11e01834   PEV_abz_in_pin
11e01864   PEV_abz_get_resolver_pos
11e018a4   PEV_abz_get_resolver_err
11e018e0   PEV_abz_clear_resolver_err
11e01914   PEV_abz_clear
11e01960   C6657_timer3_hi_stop
11e01974   C6657_timer3_hi_start
11e01994   C6657_timer3_hi_init_vector
11e019b8   C6657_timer3_hi_init
11e01a2c   C6657_timer3_hi_enable_int
11e01a84   C6657_timer3_hi_clear_eventflag
11e01a94   C6657_timer2_write
11e01aa0   C6657_timer2_stop
11e01ab4   C6657_timer2_start
11e01ad8   C6657_timer2_read
11e01ae8   C6657_timer2_init_vector
11e01b30   C6657_timer2_init
11e01ba4   C6657_timer2_enable_int
11e01bf8   C6657_timer2_disable_int
11e01c40   C6657_timer2_clear_eventflag
11e01c4c   C6657_timer2_clear
11e01c58   C6657_timer1_write
11e01c68   C6657_timer1_stop
11e01c80   C6657_timer1_start
11e01ca0   C6657_timer1_read
11e01cac   C6657_timer1_init_vector
11e01cd0   C6657_timer1_init
11e01d44   C6657_timer1_enable_int
11e01d98   C6657_timer1_disable_int
11e01de0   C6657_timer1_clear_eventflag
11e01dec   C6657_timer1_clear
11e01df8   C6657_timer0_write
11e01e08   C6657_timer0_stop
11e01e20   C6657_timer0_start
11e01e40   C6657_timer0_read
11e01e4c   C6657_timer0_init_vector
11e01e70   C6657_timer0_init
11e01ee4   C6657_timer0_enable_int
11e01f38   C6657_timer0_disable_int
11e01f78   C6657_timer0_clear_eventflag
11e01f8c   C6657_timer0_clear
11e01fa0   EMF_Write_s32
11e02018   EMF_WriteFlashRom_s32
11e02120   EMF_Write2_s32
11e021b8   EMF_Read_s32
11e0222c   EMF_ReadFpgaBoard_s32
11e022e0   EMF_ReadFlashRom_s32
11e023a8   EMF_Read3_s32
11e02414   EMF_Read2_s32
11e024cc   EMF_Initialization_s32
11e0252c   EMF_EnableIntr_s32
11e025f4   mwintc_setupApp
11e02688   cic0Out2Evnt
11e02714   mwintc_setup
11e02794   mwintc_setup2
11e02860   mwintc_mapSystemIntrToChannel
11e02878   mwintc_getInterruptStatus
11e028a8   mwintc_enableSysInterrupt
11e028c0   mwintc_enableHostInterrupt
11e028d4   mwintc_disableSysInterrupt
11e028ec   mwintc_disableHostInterrupt
11e02904   mwintc_clearSysInterrupt
11e02918   int_end_nestint
11e02968   int_begin_nestint
11e029a8   IRQ_globalRestore
11e029b0   IRQ_globalEnable
11e029d0   IRQ_globalDisable
11e02a00   CSL2_intcHwControl
11e02d20   EMF_ErrIntr_vo
11e02f00   GPI_setVector_vo
11e02fd4   GPI_int_ack_vo
11e03024   GPI_init_vo
11e0304c   GPI_enable_int_vo
11e0306c   GPI_disable_int_vo
11e030a0   CSL2_loadResource
11e030b4   CSL2_intcOpen2
11e03220   CSL_intcInterruptEnable
11e03240   CSL_intcInterruptDisable
11e03260   _CSL_intcInterruptClear
11e0326c   _CSL_intcInterruptSet
11e03278   _CSL_intcInterruptRestore
11e03290   _CSL_intcQueryInterruptStatus
11e032a8   CSL_intcGlobalEnable
11e032c8   _CSL_intcGlobalDisable
11e032e8   _CSL_intcGlobalRestore
11e03300   CSL_intcGlobalNmiEnable
11e03314   _CSL_intcGlobalExcepEnable
11e03328   _CSL_intcGlobalExtExcepEnable
11e0333c   _CSL_intcGlobalExcepClear
11e03360   PEV_pio_set_bit
11e03398   PEV_pio_out
11e033cc   PEV_pio_in
11e033f8   PEV_pio_clr_bit
11e03440   mw_setVect
11e03460   _CSL2_intcDispatcherDummy
11f00170   intcObj
11f00270   gpio_int_map
11f002b0   _mwSinTbl
11f022b8   _stack
11f032b8   __TI_STACK_END
11f032b8   __TI_STATIC_BASE
11f032b8   run_time_us
11f032bc   time_fwd_start_us
11f032c0   time_wait_us
11f032c4   pause_time_us
11f032c8   transmit_time_us
11f032cc   pause_time_thld_us
11f032d0   transmit_time_thld_us
11f032d4   inverter_start_count
11f032d8   bench_mode
11f032dc   servo_on
11f032e0   encoder_count
11f032e4   i1_ampl
11f032e8   i2_ampl
11f032ec   i1_ampl_max
11f032f0   i2_ampl_max
11f032f4   i1_weight
11f032f8   i2_weight
11f032fc   inverter_mode
11f03300   duty_pulse
11f03304   duty_trans
11f03308   duty_step
11f0330c   duty_ramp
11f03310   i1_ampl_thld_detect
11f03314   i1_ampl_thld_transmit
11f03318   enable_soft_start
11f0331c   overcurrent_protection
11f03320   tmr1regs
11f03324   tmr2regs
11f03328   tmr3regs
11f0332c   mw_gp__CSL_intcCpuIntrTable
11f03330   mw_platform_errno
11f03334   time_fwd_decel_start_us
11f03338   time_fwd_end_us
11f0333c   time_bwd_start_us
11f03340   time_bwd_decel_start_us
11f03344   time_bwd_end_us
11f03348   adc_0_data_peak
11f0334c   adc_1_data_peak
11f03350   EMF_ExtWaitErrInfo_u32s
11f03354   EMF_ExtWaitErrCnt_u32s
11f03358   hGpio
ffffffff   __TI_pprof_out_hndl
ffffffff   __TI_prof_data_size
ffffffff   __TI_prof_data_start
ffffffff   __binit__
ffffffff   __c_args__
ffffffff   binit
UNDEFED    __TI_INITARRAY_Base
UNDEFED    __TI_INITARRAY_Limit
UNDEFED    __TI_TLS_INIT_Base
UNDEFED    __TI_TLS_INIT_Limit

[270 symbols]
